// Jest Snapshot v1, https://goo.gl/fbAQLP

exports[`component renders 1`] = `
<div>
  <div
    className="w-[500px] y-[500px] bg-white"
  >
    <hr />
    <button
      className="font-32-Bold font-koddi cursor-pointer flex items-center rounded-[14px] w-[420px] h-[80px] p-5 css-1n8pabm"
    >
      최호
    </button>
  </div>
</div>
`;
