// Jest Snapshot v1, https://goo.gl/fbAQLP

exports[`component renders 1`] = `
<div>
  <div
    className="mx-4 my-4 bg-black"
  >
    <div
      className="row"
    >
      <div
        className="col-lg-12 text-center"
      >
        <p
          className="lead mb-0"
        >
          Example Extension
        </p>
      </div>
    </div>
    <hr />
    <div
      className="grid w-full grid-cols-2 gap-3 mt-3"
    >
      <button
        data-testid="scroll-to-top"
        onClick={[Function]}
      >
        Scroll To Top
      </button>
      <button
        data-testid="scroll-to-bottom"
        onClick={[Function]}
      >
        Scroll To Bottom
      </button>
    </div>
  </div>
</div>
`;
