// Jest Snapshot v1, https://goo.gl/fbAQLP

exports[`component renders 1`] = `
<div>
  <div
    className="w-[500px] y-[500px] bg-white"
  >
    <hr />
    <button
      className="font-32-Bold font-koddi cursor-pointer flex items-center rounded-[14px] w-[420px] h-[80px] p-5 css-1n8pabm"
    >
      버튼
    </button>
    <div
      className="w-[200px] p-5 flex flex-col gap-2.5 font-sans"
    >
      <button
        className="p-2.5 rounded-[10px] bg-white text-black border-2 border-[#8914FF] font-bold cursor-pointer text-lg"
        onClick={[Function]}
      >
        흰 배경
        <br />
        검정 글자
      </button>
      <button
        className="p-2.5 rounded-[10px] bg-[#f4c542] text-black font-bold cursor-pointer text-lg"
        onClick={[Function]}
      >
        노란 배경
        <br />
        검정 글자
      </button>
      <button
        className="p-2.5 rounded-[10px] bg-[#121212] text-white border-2 border-[#444444] font-bold cursor-pointer text-lg"
        onClick={[Function]}
      >
        검정 배경
        <br />
        흰 글자
      </button>
    </div>
  </div>
</div>
`;
