// Jest Snapshot v1, https://goo.gl/fbAQLP

exports[`component renders 1`] = `
<div
  className="grid w-full grid-cols-2 gap-3 mt-3"
>
  <button
    data-testid="scroll-to-top"
    onClick={[Function]}
  >
    Scroll To Top
  </button>
  <button
    data-testid="scroll-to-bottom"
    onClick={[Function]}
  >
    Scroll To Bottom
  </button>
</div>
`;
