// Jest Snapshot v1, https://goo.gl/fbAQLP

exports[`FloatingButton select-none 클래스가 적용된다 1`] = `
<div
  className="select-none css-190eaou"
  onClick={[MockFunction]}
>
  <img
    alt="Floating Button"
    className="css-mn1htw"
    src="/images/icon.png"
  />
</div>
`;

exports[`FloatingButton 기본 속성으로 올바르게 렌더링된다 1`] = `
<div
  className="select-none css-190eaou"
  onClick={[MockFunction]}
>
  <img
    alt="Floating Button"
    className="css-mn1htw"
    src="/images/icon.png"
  />
</div>
`;
