// Jest Snapshot v1, https://goo.gl/fbAQLP

exports[`FloatingButton 스냅샷 테스트 1`] = `
<DocumentFragment>
  <div
    aria-controls="menubar"
    aria-expanded="false"
    aria-haspopup="menu"
    aria-label="VOIM"
    class="fixed w-[58px] h-[58px] top-[1.5px] left-[1.5px] flex items-center justify-center cursor-pointer z-[9999] transition-all duration-200 ease-in-out hover:scale-105"
    role="button"
    tabindex="0"
  >
    <img
      alt="VOIM 익스텐션"
      aria-hidden="true"
      class="w-full h-full max-w-[58px] max-h-[58px] object-contain"
      src="/mocked-url/icon.png"
    />
  </div>
</DocumentFragment>
`;
