// Jest Snapshot v1, https://goo.gl/fbAQLP

exports[`FloatingButton 스냅샷 테스트 1`] = `
<DocumentFragment>
  <div
    aria-controls="menubar"
    aria-expanded="false"
    aria-haspopup="menu"
    aria-label="VOIM"
    class="css-190eaou"
    role="button"
    tabindex="0"
  >
    <img
      alt="VOIM 익스텐션"
      aria-hidden="true"
      class="css-mn1htw"
      src="/mocked-url/icon.png"
    />
  </div>
</DocumentFragment>
`;
